string: Hiya sailor. New in town?
unsigned bytes: 254 255 0 1 2 0 0 0 
ints: 5 6 7 8 9 
unsigned ints: 65535 65534 0 1 2 
LONG: 82555
longs: -4 -3 -2 -1 0 
unsigned longs: 65535 65534 0 1 2 
floats:
	 1.001250e+002
	 1.002500e+002
	 1.003750e+002
	 1.005000e+002
	 1.006250e+002

doubles:
	 8.388608250000e+006
	 4.194304125000e+006
	 2.097152062500e+006
	 1.048576031250e+006
	 5.242880156250e+005

enums: 0 1 2 3 4 
